// Jest Snapshot v1, https://goo.gl/fbAQLP

exports[`App Rendering 1 1`] = `null`;
