// Jest Snapshot v1, https://goo.gl/fbAQLP

exports[`CodeEditor Rendering 1 1`] = `
<div
  style={
    {
      "bottom": "252px",
      "left": 0,
      "margin": 0,
      "padding": 0,
      "position": "fixed",
      "right": 0,
      "top": "41px",
    }
  }
>
  <div
    id="arduinosimulator_textcode"
    style={
      {
        "bottom": 0,
        "left": 0,
        "position": "absolute",
        "right": 0,
        "top": 0,
      }
    }
  />
</div>
`;
