// Jest Snapshot v1, https://goo.gl/fbAQLP

exports[`PinsDigitalBar Rendering 1 1`] = `
<div
  style={
    {
      "height": "26px",
      "overflowY": "hidden",
    }
  }
>
  <div
    style={
      {
        "height": "80px",
        "outline": "none",
        "overflowX": "scroll",
        "overflowY": "hidden",
      }
    }
  >
    <div
      style={
        {
          "float": "left",
          "width": "550px",
        }
      }
    >
      <div
        style={
          {
            "cursor": "default",
            "float": "left",
            "fontFamily": "Arial",
            "fontSize": "13px",
            "fontWeight": "bold",
            "lineHeight": 2,
            "marginLeft": "7px",
            "marginRight": "1px",
          }
        }
      >
        DIGITAL PINS
      </div>
      <div
        style={
          {
            "alignItems": "center",
            "backgroundColor": "red",
            "borderRadius": "16px",
            "color": "white",
            "cursor": "default",
            "display": "flex",
            "float": "left",
            "fontFamily": "Arial",
            "fontSize": "11px",
            "height": "16px",
            "justifyContent": "center",
            "marginLeft": "4px",
            "marginTop": "4px",
            "width": "16px",
          }
        }
      >
        0
      </div>
      <div
        style={
          {
            "alignItems": "center",
            "backgroundColor": "red",
            "borderRadius": "16px",
            "color": "white",
            "cursor": "default",
            "display": "flex",
            "float": "left",
            "fontFamily": "Arial",
            "fontSize": "11px",
            "height": "16px",
            "justifyContent": "center",
            "marginLeft": "4px",
            "marginTop": "4px",
            "width": "16px",
          }
        }
      >
        1
      </div>
      <div
        style={
          {
            "alignItems": "center",
            "backgroundColor": "red",
            "borderRadius": "16px",
            "color": "white",
            "cursor": "default",
            "display": "flex",
            "float": "left",
            "fontFamily": "Arial",
            "fontSize": "11px",
            "height": "16px",
            "justifyContent": "center",
            "marginLeft": "4px",
            "marginTop": "4px",
            "width": "16px",
          }
        }
      >
        2
      </div>
      <div
        style={
          {
            "alignItems": "center",
            "backgroundColor": "red",
            "borderRadius": "16px",
            "color": "white",
            "cursor": "default",
            "display": "flex",
            "float": "left",
            "fontFamily": "Arial",
            "fontSize": "11px",
            "height": "16px",
            "justifyContent": "center",
            "marginLeft": "4px",
            "marginTop": "4px",
            "width": "16px",
          }
        }
      >
        3
      </div>
      <div
        style={
          {
            "alignItems": "center",
            "backgroundColor": "red",
            "borderRadius": "16px",
            "color": "white",
            "cursor": "default",
            "display": "flex",
            "float": "left",
            "fontFamily": "Arial",
            "fontSize": "11px",
            "height": "16px",
            "justifyContent": "center",
            "marginLeft": "4px",
            "marginTop": "4px",
            "width": "16px",
          }
        }
      >
        4
      </div>
      <div
        style={
          {
            "alignItems": "center",
            "backgroundColor": "red",
            "borderRadius": "16px",
            "color": "white",
            "cursor": "default",
            "display": "flex",
            "float": "left",
            "fontFamily": "Arial",
            "fontSize": "11px",
            "height": "16px",
            "justifyContent": "center",
            "marginLeft": "4px",
            "marginTop": "4px",
            "width": "16px",
          }
        }
      >
        5
      </div>
      <div
        style={
          {
            "alignItems": "center",
            "backgroundColor": "red",
            "borderRadius": "16px",
            "color": "white",
            "cursor": "default",
            "display": "flex",
            "float": "left",
            "fontFamily": "Arial",
            "fontSize": "11px",
            "height": "16px",
            "justifyContent": "center",
            "marginLeft": "4px",
            "marginTop": "4px",
            "width": "16px",
          }
        }
      >
        6
      </div>
      <div
        style={
          {
            "alignItems": "center",
            "backgroundColor": "red",
            "borderRadius": "16px",
            "color": "white",
            "cursor": "default",
            "display": "flex",
            "float": "left",
            "fontFamily": "Arial",
            "fontSize": "11px",
            "height": "16px",
            "justifyContent": "center",
            "marginLeft": "4px",
            "marginTop": "4px",
            "width": "16px",
          }
        }
      >
        7
      </div>
      <div
        style={
          {
            "alignItems": "center",
            "backgroundColor": "red",
            "borderRadius": "16px",
            "color": "white",
            "cursor": "default",
            "display": "flex",
            "float": "left",
            "fontFamily": "Arial",
            "fontSize": "11px",
            "height": "16px",
            "justifyContent": "center",
            "marginLeft": "4px",
            "marginTop": "4px",
            "width": "16px",
          }
        }
      >
        8
      </div>
      <div
        style={
          {
            "alignItems": "center",
            "backgroundColor": "red",
            "borderRadius": "16px",
            "color": "white",
            "cursor": "default",
            "display": "flex",
            "float": "left",
            "fontFamily": "Arial",
            "fontSize": "11px",
            "height": "16px",
            "justifyContent": "center",
            "marginLeft": "4px",
            "marginTop": "4px",
            "width": "16px",
          }
        }
      >
        9
      </div>
      <div
        style={
          {
            "alignItems": "center",
            "backgroundColor": "red",
            "borderRadius": "16px",
            "color": "white",
            "cursor": "default",
            "display": "flex",
            "float": "left",
            "fontFamily": "Arial",
            "fontSize": "11px",
            "height": "16px",
            "justifyContent": "center",
            "marginLeft": "4px",
            "marginTop": "4px",
            "width": "16px",
          }
        }
      >
        10
      </div>
      <div
        style={
          {
            "alignItems": "center",
            "backgroundColor": "red",
            "borderRadius": "16px",
            "color": "white",
            "cursor": "default",
            "display": "flex",
            "float": "left",
            "fontFamily": "Arial",
            "fontSize": "11px",
            "height": "16px",
            "justifyContent": "center",
            "marginLeft": "4px",
            "marginTop": "4px",
            "width": "16px",
          }
        }
      >
        11
      </div>
      <div
        style={
          {
            "alignItems": "center",
            "backgroundColor": "red",
            "borderRadius": "16px",
            "color": "white",
            "cursor": "default",
            "display": "flex",
            "float": "left",
            "fontFamily": "Arial",
            "fontSize": "11px",
            "height": "16px",
            "justifyContent": "center",
            "marginLeft": "4px",
            "marginTop": "4px",
            "width": "16px",
          }
        }
      >
        12
      </div>
    </div>
  </div>
</div>
`;
