// Jest Snapshot v1, https://goo.gl/fbAQLP

exports[`SerialMonitorLabel Rendering 1 1`] = `
<div
  style={
    {
      "cursor": "default",
      "float": "left",
      "fontFamily": "Arial",
      "fontSize": "13px",
      "fontWeight": "bold",
      "lineHeight": 2,
      "marginLeft": "7px",
      "marginRight": "1px",
    }
  }
>
  SERIAL MONITOR
</div>
`;
