// Jest Snapshot v1, https://goo.gl/fbAQLP

exports[`Spinner Rendering 1 1`] = `
<div
  className="spinner_white_animation"
>
  <div />
  <div />
  <div />
  <div />
  <div />
  <div />
  <div />
  <div />
  <div />
  <div />
  <div />
  <div />
</div>
`;
